0    [main] INFO  eclipse.emf.mwe.core.WorkflowEngine  - --------------------------------------------------------------------------------------
0    [main] INFO  eclipse.emf.mwe.core.WorkflowEngine  - EMF Modeling Workflow Engine 1.3.11, Build v201508030321
0    [main] INFO  eclipse.emf.mwe.core.WorkflowEngine  - (c) 2005-2009 openarchitectureware.org and contributors
0    [main] INFO  eclipse.emf.mwe.core.WorkflowEngine  - --------------------------------------------------------------------------------------
0    [main] INFO  eclipse.emf.mwe.core.WorkflowEngine  - running workflow: C:/Users/1534572/ReadRate_OOH4RIA/ReadRate_e4/templates/workflow/generator.mwe
0    [main] INFO  eclipse.emf.mwe.core.WorkflowEngine  - 
149  [main] INFO  lipse.emf.mwe.utils.StandaloneSetup  - Registering platform uri 'C:\Users\1534572\ReadRate_OOH4RIA'
252  [main] INFO  lipse.emf.mwe.utils.StandaloneSetup  - Adding generated EPackage 'es.ua.dlsi.ooh.conceptualView.ConceptualViewPackage'
275  [main] INFO  lipse.emf.mwe.utils.StandaloneSetup  - Adding generated EPackage 'org.eclipse.gmf.runtime.notation.NotationPackage'
314  [main] INFO  e.core.container.CompositeComponent  - Workflow: executing workflow workflow::nhibernate::generator.mwe in C:/Users/1534572/ReadRate_OOH4RIA/ReadRate_e4/templates/workflow/generator.mwe:13
314  [main] INFO  e.core.container.CompositeComponent  - XmiReader: file 'models/default.domainModel' => slot 'es_ua_dlsi_ooh_conceptual_model'
405  [main] INFO  e.core.container.CompositeComponent  - CheckComponent: slot es_ua_dlsi_ooh_conceptual_model check file(s): metamodel::Checks 
583  [main] INFO  e.core.container.CompositeComponent  - es.ua.dlsi.ooh.persistence.nhibernate.generator.workflowComponents.CleanBackup
Se ha borrado el directorio backup en la ubicacion: ../ReadRate_e4Gen\Backup
585  [main] INFO  e.core.container.CompositeComponent  - DirectoryCleaner(dirCleanerEN): cleaning directory '../ReadRate_e4Gen/ReadRate_e4Gen.ApplicationCore/EN/ReadRate_e4'
585  [main] INFO  ipse.emf.mwe.utils.DirectoryCleaner  - Cleaning C:\Users\1534572\ReadRate_OOH4RIA\ReadRate_e4\..\ReadRate_e4Gen\ReadRate_e4Gen.ApplicationCore\EN\ReadRate_e4
585  [main] INFO  e.core.container.CompositeComponent  - DirectoryCleaner(dirCleanerCP): cleaning directory '../ReadRate_e4Gen/ReadRate_e4Gen.ApplicationCore/CP/ReadRate_e4'
585  [main] INFO  ipse.emf.mwe.utils.DirectoryCleaner  - Cleaning C:\Users\1534572\ReadRate_OOH4RIA\ReadRate_e4\..\ReadRate_e4Gen\ReadRate_e4Gen.ApplicationCore\CP\ReadRate_e4
585  [main] INFO  e.core.container.CompositeComponent  - DirectoryCleaner(dirCleanerCEN): cleaning directory '../ReadRate_e4Gen/ReadRate_e4Gen.ApplicationCore/CEN/ReadRate_e4'
585  [main] INFO  ipse.emf.mwe.utils.DirectoryCleaner  - Cleaning C:\Users\1534572\ReadRate_OOH4RIA\ReadRate_e4\..\ReadRate_e4Gen\ReadRate_e4Gen.ApplicationCore\CEN\ReadRate_e4
585  [main] INFO  e.core.container.CompositeComponent  - DirectoryCleaner(dirCleanerIRepo): cleaning directory '../ReadRate_e4Gen/ReadRate_e4Gen.ApplicationCore/IRepository/ReadRate_e4'
585  [main] INFO  ipse.emf.mwe.utils.DirectoryCleaner  - Cleaning C:\Users\1534572\ReadRate_OOH4RIA\ReadRate_e4\..\ReadRate_e4Gen\ReadRate_e4Gen.ApplicationCore\IRepository\ReadRate_e4
600  [main] INFO  e.core.container.CompositeComponent  - DirectoryCleaner(dirCleanerEnum): cleaning directory '../ReadRate_e4Gen/ReadRate_e4Gen.ApplicationCore/Enumerated/ReadRate_e4'
600  [main] INFO  ipse.emf.mwe.utils.DirectoryCleaner  - Cleaning C:\Users\1534572\ReadRate_OOH4RIA\ReadRate_e4\..\ReadRate_e4Gen\ReadRate_e4Gen.ApplicationCore\Enumerated\ReadRate_e4
603  [main] INFO  e.core.container.CompositeComponent  - DirectoryCleaner(dirCleanerINFEN): cleaning directory '../ReadRate_e4Gen/ReadRate_e4Gen.Infraestructure/EN/ReadRate_e4'
603  [main] INFO  ipse.emf.mwe.utils.DirectoryCleaner  - Cleaning C:\Users\1534572\ReadRate_OOH4RIA\ReadRate_e4\..\ReadRate_e4Gen\ReadRate_e4Gen.Infraestructure\EN\ReadRate_e4
607  [main] INFO  e.core.container.CompositeComponent  - DirectoryCleaner(dirCleanerINFMap): cleaning directory '../ReadRate_e4Gen/ReadRate_e4Gen.Infraestructure/Mappings/ReadRate_e4'
607  [main] INFO  ipse.emf.mwe.utils.DirectoryCleaner  - Cleaning C:\Users\1534572\ReadRate_OOH4RIA\ReadRate_e4\..\ReadRate_e4Gen\ReadRate_e4Gen.Infraestructure\Mappings\ReadRate_e4
611  [main] INFO  e.core.container.CompositeComponent  - DirectoryCleaner(dirCleanerINFRepo): cleaning directory '../ReadRate_e4Gen/ReadRate_e4Gen.Infraestructure/Repository/ReadRate_e4'
611  [main] INFO  ipse.emf.mwe.utils.DirectoryCleaner  - Cleaning C:\Users\1534572\ReadRate_OOH4RIA\ReadRate_e4\..\ReadRate_e4Gen\ReadRate_e4Gen.Infraestructure\Repository\ReadRate_e4
615  [main] INFO  e.core.container.CompositeComponent  - Generator(nhibernate.generator): generating 'workflow::nhibernate::workflow::main FOR true' => [CONFIGURATION:../ReadRate_e4Gen(overwrite=false,append=false,fileEncoding=utf-8), ../ReadRate_e4Gen]
La licencia está en vigor. Su fecha de expiración es: Sat Aug 15 18:05:46 CEST 2026
653  [main] INFO  and2.pr.ProtectedRegionResolverImpl  - Source scan started ...
1131 [main] INFO  and2.pr.ProtectedRegionResolverImpl  - Source scan finished in 0.478s
1131 [main] INFO  and2.pr.ProtectedRegionResolverImpl  - Files scanned: 415
1131 [main] INFO  and2.pr.ProtectedRegionResolverImpl  - Regions found: 68
configuroConf:C:\Users\1534572\AppData\Local\Temp\OOH4RIA7019347821527198994.cfg
enc:utf-8
enc:utf-8
enc:utf-8
enc:utf-8
1738 [main] INFO  ipse.xtend.util.stdlib.IOExtensions  - UsuarioRepository
enc:utf-8
1804 [main] INFO  ipse.xtend.util.stdlib.IOExtensions  - LibroRepository
LA clase origen: Libro y el nombre de rol: autorPublicador
DISTINTO en: asoOrigin: reseña_libro. El nombre del rol origen: reseña de el rol destino: autorPublicador
LA clase destino: Libro y el nombre de rol: autorPublicador
DISTINTO en: asoTarget: libro_guardado_lector. El nombre del rol destino: lectorGuardando de el rol origen: autorPublicador
DISTINTO en: asoTarget: libro_en_curso_lector. El nombre del rol destino: lectorLeyendo de el rol origen: autorPublicador
Encontrado en: asoTarget: libro_autor El nombre de rol origen (generado): libroPublicado y el nombre del rol destino:autorPublicador
LA clase origen: Libro y el nombre de rol: autorPublicador
DISTINTO en: asoOrigin: reseña_libro. El nombre del rol origen: reseña de el rol destino: autorPublicador
LA clase destino: Libro y el nombre de rol: autorPublicador
DISTINTO en: asoTarget: libro_guardado_lector. El nombre del rol destino: lectorGuardando de el rol origen: autorPublicador
DISTINTO en: asoTarget: libro_en_curso_lector. El nombre del rol destino: lectorLeyendo de el rol origen: autorPublicador
Encontrado en: asoTarget: libro_autor El nombre de rol origen (generado): libroPublicado y el nombre del rol destino:autorPublicador
LA clase origen: Libro y el nombre de rol: autorPublicador
DISTINTO en: asoOrigin: reseña_libro. El nombre del rol origen: reseña de el rol destino: autorPublicador
LA clase destino: Libro y el nombre de rol: autorPublicador
DISTINTO en: asoTarget: libro_guardado_lector. El nombre del rol destino: lectorGuardando de el rol origen: autorPublicador
DISTINTO en: asoTarget: libro_en_curso_lector. El nombre del rol destino: lectorLeyendo de el rol origen: autorPublicador
Encontrado en: asoTarget: libro_autor El nombre de rol origen (generado): libroPublicado y el nombre del rol destino:autorPublicador
enc:utf-8
1853 [main] INFO  ipse.xtend.util.stdlib.IOExtensions  - ReseñaRepository
LA clase origen: Reseña y el nombre de rol: lectorValorador
LA clase destino: Reseña y el nombre de rol: lectorValorador
Encontrado en: asoTarget: reseña_lector El nombre de rol origen (generado): reseñaPublicada y el nombre del rol destino:lectorValorador
LA clase origen: Reseña y el nombre de rol: lectorValorador
LA clase destino: Reseña y el nombre de rol: lectorValorador
Encontrado en: asoTarget: reseña_lector El nombre de rol origen (generado): reseñaPublicada y el nombre del rol destino:lectorValorador
LA clase origen: Reseña y el nombre de rol: lectorValorador
LA clase destino: Reseña y el nombre de rol: lectorValorador
Encontrado en: asoTarget: reseña_lector El nombre de rol origen (generado): reseñaPublicada y el nombre del rol destino:lectorValorador
LA clase origen: Reseña y el nombre de rol: libroReseñado
LA clase destino: Reseña y el nombre de rol: libroReseñado
DISTINTO en: asoTarget: reseña_lector. El nombre del rol destino: lectorValorador de el rol origen: libroReseñado
Encontrado en: asoTarget: reseña_libro El nombre de rol origen (generado): reseña y el nombre del rol destino:libroReseñado
LA clase origen: Reseña y el nombre de rol: libroReseñado
LA clase destino: Reseña y el nombre de rol: libroReseñado
DISTINTO en: asoTarget: reseña_lector. El nombre del rol destino: lectorValorador de el rol origen: libroReseñado
Encontrado en: asoTarget: reseña_libro El nombre de rol origen (generado): reseña y el nombre del rol destino:libroReseñado
LA clase origen: Reseña y el nombre de rol: libroReseñado
LA clase destino: Reseña y el nombre de rol: libroReseñado
DISTINTO en: asoTarget: reseña_lector. El nombre del rol destino: lectorValorador de el rol origen: libroReseñado
Encontrado en: asoTarget: reseña_libro El nombre de rol origen (generado): reseña y el nombre del rol destino:libroReseñado
enc:utf-8
1924 [main] INFO  ipse.xtend.util.stdlib.IOExtensions  - ClubRepository
enc:utf-8
1981 [main] INFO  ipse.xtend.util.stdlib.IOExtensions  - AdministradorRepository
enc:utf-8
2032 [main] INFO  ipse.xtend.util.stdlib.IOExtensions  - NoticiaRepository
LA clase origen: Noticia y el nombre de rol: administradorNoticias
LA clase destino: Noticia y el nombre de rol: administradorNoticias
Encontrado en: asoTarget: noticia_administrador El nombre de rol origen (generado): noticiaAdministrada y el nombre del rol destino:administradorNoticias
LA clase origen: Noticia y el nombre de rol: administradorNoticias
LA clase destino: Noticia y el nombre de rol: administradorNoticias
Encontrado en: asoTarget: noticia_administrador El nombre de rol origen (generado): noticiaAdministrada y el nombre del rol destino:administradorNoticias
LA clase origen: Noticia y el nombre de rol: administradorNoticias
LA clase destino: Noticia y el nombre de rol: administradorNoticias
Encontrado en: asoTarget: noticia_administrador El nombre de rol origen (generado): noticiaAdministrada y el nombre del rol destino:administradorNoticias
enc:utf-8
2080 [main] INFO  ipse.xtend.util.stdlib.IOExtensions  - EventoRepository
LA clase origen: Evento y el nombre de rol: administradorEventos
DISTINTO en: asoOrigin: autor_evento. El nombre del rol origen: autorParticipante de el rol destino: administradorEventos
DISTINTO en: asoOrigin: lector_evento. El nombre del rol origen: lectorParticipante de el rol destino: administradorEventos
LA clase destino: Evento y el nombre de rol: administradorEventos
Encontrado en: asoTarget: evento_administrador El nombre de rol origen (generado): eventoAdministrado y el nombre del rol destino:administradorEventos
LA clase origen: Evento y el nombre de rol: administradorEventos
DISTINTO en: asoOrigin: autor_evento. El nombre del rol origen: autorParticipante de el rol destino: administradorEventos
DISTINTO en: asoOrigin: lector_evento. El nombre del rol origen: lectorParticipante de el rol destino: administradorEventos
LA clase destino: Evento y el nombre de rol: administradorEventos
Encontrado en: asoTarget: evento_administrador El nombre de rol origen (generado): eventoAdministrado y el nombre del rol destino:administradorEventos
LA clase origen: Evento y el nombre de rol: administradorEventos
DISTINTO en: asoOrigin: autor_evento. El nombre del rol origen: autorParticipante de el rol destino: administradorEventos
DISTINTO en: asoOrigin: lector_evento. El nombre del rol origen: lectorParticipante de el rol destino: administradorEventos
LA clase destino: Evento y el nombre de rol: administradorEventos
Encontrado en: asoTarget: evento_administrador El nombre de rol origen (generado): eventoAdministrado y el nombre del rol destino:administradorEventos
enc:utf-8
2125 [main] INFO  ipse.xtend.util.stdlib.IOExtensions  - NotificacionRepository
enc:utf-8
2180 [main] INFO  ipse.xtend.util.stdlib.IOExtensions  - AutorRepository
enc:utf-8
2228 [main] INFO  ipse.xtend.util.stdlib.IOExtensions  - LectorRepository
enc:utf-8
enc:utf-8
enc:utf-8
enc:utf-8
enc:utf-8
enc:utf-8
enc:utf-8
enc:utf-8
enc:utf-8
enc:utf-8
enc:utf-8
enc:utf-8
enc:utf-8
enc:utf-8
2604 [main] INFO  ipse.xtend.util.stdlib.IOExtensions  - UsuarioCEN
enc:utf-8
2631 [main] INFO  ipse.xtend.util.stdlib.IOExtensions  - LibroCEN
enc:utf-8
2663 [main] INFO  ipse.xtend.util.stdlib.IOExtensions  - ReseñaCEN
enc:utf-8
2693 [main] INFO  ipse.xtend.util.stdlib.IOExtensions  - ClubCEN
enc:utf-8
2711 [main] INFO  ipse.xtend.util.stdlib.IOExtensions  - AdministradorCEN
enc:utf-8
2730 [main] INFO  ipse.xtend.util.stdlib.IOExtensions  - NoticiaCEN
enc:utf-8
2759 [main] INFO  ipse.xtend.util.stdlib.IOExtensions  - EventoCEN
enc:utf-8
2781 [main] INFO  ipse.xtend.util.stdlib.IOExtensions  - NotificacionCEN
enc:utf-8
2801 [main] INFO  ipse.xtend.util.stdlib.IOExtensions  - AutorCEN
enc:utf-8
2824 [main] INFO  ipse.xtend.util.stdlib.IOExtensions  - LectorCEN
enc:utf-8
enc:utf-8
enc:utf-8
enc:utf-8
enc:utf-8
enc:utf-8
enc:utf-8
enc:utf-8
enc:utf-8
enc:utf-8
enc:utf-8
enc:utf-8
enc:utf-8
enc:utf-8
enc:utf-8
3137 [main] INFO  ipse.xtend.util.stdlib.IOExtensions  - es.ua.dlsi.ooh.conceptualView.impl.OperationImpl@7c9d8e2 (name: crearUsuario, visibility: Private, operationType: New, description: null, type: Object, collectionType: None, isStatic: false, isOrdered: false, filter: null, precondition: null, body: null, postcondition: null, automaticSynchronize: true, customized: true, paging: false, customizedTransaction: false)
3137 [main] INFO  ipse.xtend.util.stdlib.IOExtensions  - es.ua.dlsi.ooh.conceptualView.impl.OperationImpl@22fcf7ab (name: modificarUsuario, visibility: Private, operationType: Modifier, description: null, type: Void, collectionType: None, isStatic: false, isOrdered: false, filter: null, precondition: null, body: null, postcondition: null, automaticSynchronize: true, customized: false, paging: false, customizedTransaction: false)
3137 [main] INFO  ipse.xtend.util.stdlib.IOExtensions  - es.ua.dlsi.ooh.conceptualView.impl.OperationImpl@7d8704ef (name: eliminarUsuario, visibility: Public, operationType: Destroy, description: null, type: Void, collectionType: None, isStatic: false, isOrdered: false, filter: null, precondition: null, body: null, postcondition: null, automaticSynchronize: true, customized: false, paging: false, customizedTransaction: false)
3137 [main] INFO  ipse.xtend.util.stdlib.IOExtensions  - es.ua.dlsi.ooh.conceptualView.impl.OperationImpl@158a8276 (name: dameUsuarioPorOID, visibility: Public, operationType: ReadOID, description: null, type: Object, collectionType: None, isStatic: false, isOrdered: false, filter: null, precondition: null, body: null, postcondition: null, automaticSynchronize: true, customized: false, paging: false, customizedTransaction: false)
3137 [main] INFO  ipse.xtend.util.stdlib.IOExtensions  - es.ua.dlsi.ooh.conceptualView.impl.OperationImpl@79d8407f (name: dameTodosUsuarios, visibility: Public, operationType: ReadAll, description: null, type: Object, collectionType: List, isStatic: false, isOrdered: false, filter: null, precondition: null, body: null, postcondition: null, automaticSynchronize: true, customized: false, paging: false, customizedTransaction: false)
3137 [main] INFO  ipse.xtend.util.stdlib.IOExtensions  - es.ua.dlsi.ooh.conceptualView.impl.OperationImpl@5fbe4146 (name: login, visibility: Public, operationType: Login, description: null, type: String, collectionType: None, isStatic: false, isOrdered: false, filter: null, precondition: null, body: null, postcondition: null, automaticSynchronize: true, customized: false, paging: false, customizedTransaction: false)
3137 [main] INFO  ipse.xtend.util.stdlib.IOExtensions  - es.ua.dlsi.ooh.conceptualView.impl.OperationImpl@7530ad9c (name: dameUsuarioPorEmail, visibility: Public, operationType: ReadFilter, description: null, type: Object, collectionType: List, isStatic: false, isOrdered: false, filter: FROM UsuarioNH usuario where usuario.Email = :p_email, precondition: null, body: null, postcondition: null, automaticSynchronize: false, customized: false, paging: false, customizedTransaction: false)
3137 [main] INFO  ipse.xtend.util.stdlib.IOExtensions  - es.ua.dlsi.ooh.conceptualView.impl.OperationImpl@71e9ddb4 (name: cambiarPassword, visibility: Public, operationType: CustomTransaction, description: null, type: Void, collectionType: None, isStatic: false, isOrdered: false, filter: null, precondition: null, body: null, postcondition: null, automaticSynchronize: true, customized: false, paging: false, customizedTransaction: false)
enc:utf-8
3174 [main] INFO  ipse.xtend.util.stdlib.IOExtensions  - es.ua.dlsi.ooh.conceptualView.impl.OperationImpl@65d09a04 (name: dameCantidadTotalUsuarios, visibility: Public, operationType: Custom, description: null, type: Integer, collectionType: None, isStatic: false, isOrdered: false, filter: null, precondition: null, body: null, postcondition: null, automaticSynchronize: true, customized: false, paging: false, customizedTransaction: false)
3174 [main] INFO  ipse.xtend.util.stdlib.IOExtensions  - es.ua.dlsi.ooh.conceptualView.impl.OperationImpl@33c911a1 (name: dameUsuarioPorFiltros, visibility: Public, operationType: ReadFilter, description: null, type: Object, collectionType: List, isStatic: false, isOrdered: false, filter: FROM UsuarioNH usuario where (:p_rol is null or usuario.Rol=:p_rol) and (:p_nombre is null or (concat('%', lower(usuario.NombreUsuario), '%') like lower(:p_nombre))), precondition: null, body: null, postcondition: null, automaticSynchronize: false, customized: false, paging: true, customizedTransaction: false)
enc:utf-8
3195 [main] INFO  ipse.xtend.util.stdlib.IOExtensions  - es.ua.dlsi.ooh.conceptualView.impl.OperationImpl@757277dc (name: crearLibro, visibility: Public, operationType: New, description: null, type: Object, collectionType: None, isStatic: false, isOrdered: false, filter: null, precondition: null, body: null, postcondition: null, automaticSynchronize: true, customized: false, paging: false, customizedTransaction: true)
enc:utf-8
3216 [main] INFO  ipse.xtend.util.stdlib.IOExtensions  - es.ua.dlsi.ooh.conceptualView.impl.OperationImpl@38102d01 (name: modificarLibro, visibility: Public, operationType: Modifier, description: null, type: Void, collectionType: None, isStatic: false, isOrdered: false, filter: null, precondition: null, body: null, postcondition: null, automaticSynchronize: true, customized: true, paging: false, customizedTransaction: false)
3216 [main] INFO  ipse.xtend.util.stdlib.IOExtensions  - es.ua.dlsi.ooh.conceptualView.impl.OperationImpl@63070bab (name: eliminarLibro, visibility: Public, operationType: Destroy, description: null, type: Void, collectionType: None, isStatic: false, isOrdered: false, filter: null, precondition: null, body: null, postcondition: null, automaticSynchronize: true, customized: false, paging: false, customizedTransaction: false)
3216 [main] INFO  ipse.xtend.util.stdlib.IOExtensions  - es.ua.dlsi.ooh.conceptualView.impl.OperationImpl@291b4bf5 (name: dameLibroPorOID, visibility: Public, operationType: ReadOID, description: null, type: Object, collectionType: None, isStatic: false, isOrdered: false, filter: null, precondition: null, body: null, postcondition: null, automaticSynchronize: true, customized: false, paging: false, customizedTransaction: false)
3216 [main] INFO  ipse.xtend.util.stdlib.IOExtensions  - es.ua.dlsi.ooh.conceptualView.impl.OperationImpl@762ef0ea (name: dameTodosLibros, visibility: Public, operationType: ReadAll, description: null, type: Object, collectionType: List, isStatic: false, isOrdered: false, filter: null, precondition: null, body: null, postcondition: null, automaticSynchronize: true, customized: false, paging: false, customizedTransaction: false)
3216 [main] INFO  ipse.xtend.util.stdlib.IOExtensions  - es.ua.dlsi.ooh.conceptualView.impl.OperationImpl@31f9b85e (name: dameLibrosPorFiltros, visibility: Public, operationType: ReadFilter, description: null, type: Object, collectionType: List, isStatic: false, isOrdered: false, filter: FROM LibroNH libro where (:p_genero is null or libro.Genero=:p_genero) and (:p_titulo is null or (concat('%', lower(libro.Titulo), '%') like lower(:p_titulo))) and (:p_edadRecomendada is null or libro.EdadRecomendada >= :p_edadRecomendada) and (:p_numPags is null or libro.NumPags >= :p_numPags) and (:p_valoracionMedia is null or libro.ValoracionMedia >= :p_valoracionMedia) and (:p_autor is null or libro.AutorPublicador.Id=:p_autor), precondition: null, body: null, postcondition: null, automaticSynchronize: false, customized: false, paging: true, customizedTransaction: false)
3216 [main] INFO  ipse.xtend.util.stdlib.IOExtensions  - es.ua.dlsi.ooh.conceptualView.impl.OperationImpl@1ebd319f (name: dameCantidadTotalLibros, visibility: Public, operationType: Custom, description: null, type: Integer, collectionType: None, isStatic: false, isOrdered: false, filter: null, precondition: null, body: null, postcondition: null, automaticSynchronize: true, customized: false, paging: false, customizedTransaction: false)
3216 [main] INFO  ipse.xtend.util.stdlib.IOExtensions  - es.ua.dlsi.ooh.conceptualView.impl.OperationImpl@3c0be339 (name: dameLibrosOrdenadosFecha, visibility: Public, operationType: ReadFilter, description: null, type: Object, collectionType: List, isStatic: false, isOrdered: false, filter: FROM LibroNH libro order by libro.FechaPublicacion desc, precondition: null, body: null, postcondition: null, automaticSynchronize: false, customized: false, paging: false, customizedTransaction: false)
enc:utf-8
3236 [main] INFO  ipse.xtend.util.stdlib.IOExtensions  - es.ua.dlsi.ooh.conceptualView.impl.OperationImpl@a1cdc6d (name: crearReseña, visibility: Public, operationType: New, description: null, type: Object, collectionType: None, isStatic: false, isOrdered: false, filter: null, precondition: null, body: null, postcondition: null, automaticSynchronize: true, customized: true, paging: false, customizedTransaction: false)
3236 [main] INFO  ipse.xtend.util.stdlib.IOExtensions  - es.ua.dlsi.ooh.conceptualView.impl.OperationImpl@57250572 (name: modificarReseña, visibility: Public, operationType: Modifier, description: null, type: Void, collectionType: None, isStatic: false, isOrdered: false, filter: null, precondition: null, body: null, postcondition: null, automaticSynchronize: true, customized: true, paging: false, customizedTransaction: false)
3236 [main] INFO  ipse.xtend.util.stdlib.IOExtensions  - es.ua.dlsi.ooh.conceptualView.impl.OperationImpl@76ed1b7c (name: eliminarReseña, visibility: Public, operationType: Destroy, description: null, type: Void, collectionType: None, isStatic: false, isOrdered: false, filter: null, precondition: null, body: null, postcondition: null, automaticSynchronize: true, customized: false, paging: false, customizedTransaction: false)
3236 [main] INFO  ipse.xtend.util.stdlib.IOExtensions  - es.ua.dlsi.ooh.conceptualView.impl.OperationImpl@394a2528 (name: dameReseñaPorOID, visibility: Public, operationType: ReadOID, description: null, type: Object, collectionType: None, isStatic: false, isOrdered: false, filter: null, precondition: null, body: null, postcondition: null, automaticSynchronize: true, customized: false, paging: false, customizedTransaction: false)
3236 [main] INFO  ipse.xtend.util.stdlib.IOExtensions  - es.ua.dlsi.ooh.conceptualView.impl.OperationImpl@7c1e2a9e (name: dameTodosReseñas, visibility: Public, operationType: ReadAll, description: null, type: Object, collectionType: List, isStatic: false, isOrdered: false, filter: null, precondition: null, body: null, postcondition: null, automaticSynchronize: true, customized: false, paging: false, customizedTransaction: false)
3236 [main] INFO  ipse.xtend.util.stdlib.IOExtensions  - es.ua.dlsi.ooh.conceptualView.impl.OperationImpl@fa36558 (name: dameReseñasOrdenadasPorValoracionDesc, visibility: Public, operationType: ReadFilter, description: null, type: Object, collectionType: List, isStatic: false, isOrdered: false, filter: FROM ReseñaNH reseña order by reseña.Valoracion desc, precondition: null, body: null, postcondition: null, automaticSynchronize: false, customized: false, paging: true, customizedTransaction: false)
3236 [main] INFO  ipse.xtend.util.stdlib.IOExtensions  - es.ua.dlsi.ooh.conceptualView.impl.OperationImpl@672872e1 (name: dameReseñasOrdenadasPorValoracionAsc, visibility: Public, operationType: ReadFilter, description: null, type: Object, collectionType: List, isStatic: false, isOrdered: false, filter: FROM ReseñaNH reseña order by reseña.Valoracion asc, precondition: null, body: null, postcondition: null, automaticSynchronize: false, customized: false, paging: true, customizedTransaction: false)
enc:utf-8
3255 [main] INFO  ipse.xtend.util.stdlib.IOExtensions  - es.ua.dlsi.ooh.conceptualView.impl.OperationImpl@7c83dc97 (name: crearClub, visibility: Public, operationType: New, description: null, type: Object, collectionType: None, isStatic: false, isOrdered: false, filter: null, precondition: null, body: null, postcondition: null, automaticSynchronize: true, customized: true, paging: false, customizedTransaction: false)
3255 [main] INFO  ipse.xtend.util.stdlib.IOExtensions  - es.ua.dlsi.ooh.conceptualView.impl.OperationImpl@65b3f4a4 (name: modificarClub, visibility: Public, operationType: Modifier, description: null, type: Void, collectionType: None, isStatic: false, isOrdered: false, filter: null, precondition: null, body: null, postcondition: null, automaticSynchronize: true, customized: false, paging: false, customizedTransaction: false)
3255 [main] INFO  ipse.xtend.util.stdlib.IOExtensions  - es.ua.dlsi.ooh.conceptualView.impl.OperationImpl@45ca843 (name: eliminarClub, visibility: Public, operationType: Destroy, description: null, type: Void, collectionType: None, isStatic: false, isOrdered: false, filter: null, precondition: null, body: null, postcondition: null, automaticSynchronize: true, customized: false, paging: false, customizedTransaction: false)
3255 [main] INFO  ipse.xtend.util.stdlib.IOExtensions  - es.ua.dlsi.ooh.conceptualView.impl.OperationImpl@757acd7b (name: dameClubPorOID, visibility: Public, operationType: ReadOID, description: null, type: Object, collectionType: None, isStatic: false, isOrdered: false, filter: null, precondition: null, body: null, postcondition: null, automaticSynchronize: true, customized: false, paging: false, customizedTransaction: false)
3255 [main] INFO  ipse.xtend.util.stdlib.IOExtensions  - es.ua.dlsi.ooh.conceptualView.impl.OperationImpl@574b560f (name: dameTodosClubs, visibility: Public, operationType: ReadAll, description: null, type: Object, collectionType: List, isStatic: false, isOrdered: false, filter: null, precondition: null, body: null, postcondition: null, automaticSynchronize: true, customized: false, paging: false, customizedTransaction: false)
3255 [main] INFO  ipse.xtend.util.stdlib.IOExtensions  - es.ua.dlsi.ooh.conceptualView.impl.OperationImpl@ba54932 (name: dameClubPorFiltros, visibility: Public, operationType: ReadFilter, description: null, type: Object, collectionType: List, isStatic: false, isOrdered: false, filter: FROM ClubNH club where (:p_nombre is null or club.Nombre=:p_nombre) and (:p_descripcion is null or lower(club.Descripcion) like concat('%', lower(:p_descripcion), '%')), precondition: null, body: null, postcondition: null, automaticSynchronize: false, customized: false, paging: true, customizedTransaction: false)
3255 [main] INFO  ipse.xtend.util.stdlib.IOExtensions  - es.ua.dlsi.ooh.conceptualView.impl.OperationImpl@343570b7 (name: expulsarUsuarioClub, visibility: Public, operationType: CustomTransaction, description: null, type: Void, collectionType: None, isStatic: false, isOrdered: false, filter: null, precondition: null, body: null, postcondition: null, automaticSynchronize: true, customized: false, paging: false, customizedTransaction: false)
enc:utf-8
3274 [main] INFO  ipse.xtend.util.stdlib.IOExtensions  - es.ua.dlsi.ooh.conceptualView.impl.OperationImpl@236e3f4e (name: obtenerListaMiembros, visibility: Public, operationType: CustomTransaction, description: null, type: Object, collectionType: List, isStatic: false, isOrdered: false, filter: null, precondition: null, body: null, postcondition: null, automaticSynchronize: true, customized: false, paging: false, customizedTransaction: false)
enc:utf-8
enc:utf-8
3318 [main] INFO  ipse.xtend.util.stdlib.IOExtensions  - es.ua.dlsi.ooh.conceptualView.impl.OperationImpl@1356d4d4 (name: crearAdministador, visibility: Public, operationType: New, description: null, type: Object, collectionType: None, isStatic: false, isOrdered: false, filter: null, precondition: null, body: null, postcondition: null, automaticSynchronize: true, customized: false, paging: false, customizedTransaction: false)
3318 [main] INFO  ipse.xtend.util.stdlib.IOExtensions  - es.ua.dlsi.ooh.conceptualView.impl.OperationImpl@53aad5d5 (name: modificarAdministador, visibility: Public, operationType: Modifier, description: null, type: Void, collectionType: None, isStatic: false, isOrdered: false, filter: null, precondition: null, body: null, postcondition: null, automaticSynchronize: true, customized: false, paging: false, customizedTransaction: false)
3318 [main] INFO  ipse.xtend.util.stdlib.IOExtensions  - es.ua.dlsi.ooh.conceptualView.impl.OperationImpl@78ffe6dc (name: eliminarAdministador, visibility: Public, operationType: Destroy, description: null, type: Void, collectionType: None, isStatic: false, isOrdered: false, filter: null, precondition: null, body: null, postcondition: null, automaticSynchronize: true, customized: false, paging: false, customizedTransaction: false)
3318 [main] INFO  ipse.xtend.util.stdlib.IOExtensions  - es.ua.dlsi.ooh.conceptualView.impl.OperationImpl@76f2bbc1 (name: dameAdministradorPorOID, visibility: Public, operationType: ReadOID, description: null, type: Object, collectionType: None, isStatic: false, isOrdered: false, filter: null, precondition: null, body: null, postcondition: null, automaticSynchronize: true, customized: false, paging: false, customizedTransaction: false)
3318 [main] INFO  ipse.xtend.util.stdlib.IOExtensions  - es.ua.dlsi.ooh.conceptualView.impl.OperationImpl@6f27a732 (name: dameTodosAdministradores, visibility: Public, operationType: ReadAll, description: null, type: Object, collectionType: List, isStatic: false, isOrdered: false, filter: null, precondition: null, body: null, postcondition: null, automaticSynchronize: true, customized: false, paging: false, customizedTransaction: false)
3318 [main] INFO  ipse.xtend.util.stdlib.IOExtensions  - es.ua.dlsi.ooh.conceptualView.impl.OperationImpl@6c779568 (name: login, visibility: Public, operationType: Login, description: null, type: String, collectionType: None, isStatic: false, isOrdered: false, filter: null, precondition: null, body: null, postcondition: null, automaticSynchronize: true, customized: false, paging: false, customizedTransaction: false)
3318 [main] INFO  ipse.xtend.util.stdlib.IOExtensions  - es.ua.dlsi.ooh.conceptualView.impl.OperationImpl@7e9131d5 (name: dameAdministradoresPorEmail, visibility: Public, operationType: ReadFilter, description: null, type: Object, collectionType: List, isStatic: false, isOrdered: false, filter: FROM AdministradorNH administrador where lower(administrador.Email) like concat('%', lower(:p_email), '%'), precondition: null, body: null, postcondition: null, automaticSynchronize: false, customized: false, paging: false, customizedTransaction: false)
enc:utf-8
3344 [main] INFO  ipse.xtend.util.stdlib.IOExtensions  - es.ua.dlsi.ooh.conceptualView.impl.OperationImpl@4e268090 (name: crearNoticia, visibility: Public, operationType: New, description: null, type: Object, collectionType: None, isStatic: false, isOrdered: false, filter: null, precondition: null, body: null, postcondition: null, automaticSynchronize: true, customized: true, paging: false, customizedTransaction: false)
3344 [main] INFO  ipse.xtend.util.stdlib.IOExtensions  - es.ua.dlsi.ooh.conceptualView.impl.OperationImpl@e1de817 (name: modificarNoticia, visibility: Public, operationType: Modifier, description: null, type: Void, collectionType: None, isStatic: false, isOrdered: false, filter: null, precondition: null, body: null, postcondition: null, automaticSynchronize: true, customized: false, paging: false, customizedTransaction: false)
3344 [main] INFO  ipse.xtend.util.stdlib.IOExtensions  - es.ua.dlsi.ooh.conceptualView.impl.OperationImpl@2892dae4 (name: eliminarNoticia, visibility: Public, operationType: Destroy, description: null, type: Void, collectionType: None, isStatic: false, isOrdered: false, filter: null, precondition: null, body: null, postcondition: null, automaticSynchronize: true, customized: false, paging: false, customizedTransaction: false)
3344 [main] INFO  ipse.xtend.util.stdlib.IOExtensions  - es.ua.dlsi.ooh.conceptualView.impl.OperationImpl@29647f75 (name: dameNoticiaPorOID, visibility: Public, operationType: ReadOID, description: null, type: Object, collectionType: None, isStatic: false, isOrdered: false, filter: null, precondition: null, body: null, postcondition: null, automaticSynchronize: true, customized: false, paging: false, customizedTransaction: false)
3344 [main] INFO  ipse.xtend.util.stdlib.IOExtensions  - es.ua.dlsi.ooh.conceptualView.impl.OperationImpl@d6e7bab (name: dameTodosNoticias, visibility: Public, operationType: ReadAll, description: null, type: Object, collectionType: List, isStatic: false, isOrdered: false, filter: null, precondition: null, body: null, postcondition: null, automaticSynchronize: true, customized: false, paging: false, customizedTransaction: false)
3344 [main] INFO  ipse.xtend.util.stdlib.IOExtensions  - es.ua.dlsi.ooh.conceptualView.impl.OperationImpl@5fa07e12 (name: dameTodosTitulosNoticias, visibility: Public, operationType: ReadFilter, description: null, type: String, collectionType: List, isStatic: false, isOrdered: false, filter: select noticia.Titulo FROM NoticiaNH noticia order by noticia.Titulo, precondition: null, body: null, postcondition: null, automaticSynchronize: false, customized: false, paging: true, customizedTransaction: false)
3344 [main] INFO  ipse.xtend.util.stdlib.IOExtensions  - es.ua.dlsi.ooh.conceptualView.impl.OperationImpl@55b53d44 (name: dameNoticiasPorTitulo, visibility: Public, operationType: ReadFilter, description: null, type: Object, collectionType: List, isStatic: false, isOrdered: false, filter: FROM NoticiaNH noticia where lower(noticia.Titulo) like concat ('%', lower(:p_titulo), '%'), precondition: null, body: null, postcondition: null, automaticSynchronize: false, customized: false, paging: false, customizedTransaction: false)
enc:utf-8
3349 [main] INFO  ipse.xtend.util.stdlib.IOExtensions  - es.ua.dlsi.ooh.conceptualView.impl.OperationImpl@6a370f4 (name: crearEvento, visibility: Public, operationType: New, description: null, type: Object, collectionType: None, isStatic: false, isOrdered: false, filter: null, precondition: null, body: null, postcondition: null, automaticSynchronize: true, customized: true, paging: false, customizedTransaction: false)
3349 [main] INFO  ipse.xtend.util.stdlib.IOExtensions  - es.ua.dlsi.ooh.conceptualView.impl.OperationImpl@7690781 (name: modificarEvento, visibility: Public, operationType: Modifier, description: null, type: Void, collectionType: None, isStatic: false, isOrdered: false, filter: null, precondition: null, body: null, postcondition: null, automaticSynchronize: true, customized: true, paging: false, customizedTransaction: false)
3349 [main] INFO  ipse.xtend.util.stdlib.IOExtensions  - es.ua.dlsi.ooh.conceptualView.impl.OperationImpl@10959ece (name: eliminarEvento, visibility: Public, operationType: Destroy, description: null, type: Void, collectionType: None, isStatic: false, isOrdered: false, filter: null, precondition: null, body: null, postcondition: null, automaticSynchronize: true, customized: false, paging: false, customizedTransaction: false)
3349 [main] INFO  ipse.xtend.util.stdlib.IOExtensions  - es.ua.dlsi.ooh.conceptualView.impl.OperationImpl@34f7cfd9 (name: dameEventoPorOID, visibility: Public, operationType: ReadOID, description: null, type: Object, collectionType: None, isStatic: false, isOrdered: false, filter: null, precondition: null, body: null, postcondition: null, automaticSynchronize: true, customized: false, paging: false, customizedTransaction: false)
3349 [main] INFO  ipse.xtend.util.stdlib.IOExtensions  - es.ua.dlsi.ooh.conceptualView.impl.OperationImpl@59af0466 (name: dameTodosEventos, visibility: Public, operationType: ReadAll, description: null, type: Object, collectionType: List, isStatic: false, isOrdered: false, filter: null, precondition: null, body: null, postcondition: null, automaticSynchronize: true, customized: false, paging: false, customizedTransaction: false)
3349 [main] INFO  ipse.xtend.util.stdlib.IOExtensions  - es.ua.dlsi.ooh.conceptualView.impl.OperationImpl@3e6ef8ad (name: dameEventosPorFecha, visibility: Public, operationType: ReadFilter, description: null, type: Object, collectionType: List, isStatic: false, isOrdered: false, filter: FROM EventoNH evento where (:p_fecha is null or evento.Fecha>=:p_fecha), precondition: null, body: null, postcondition: null, automaticSynchronize: false, customized: false, paging: true, customizedTransaction: false)
3349 [main] INFO  ipse.xtend.util.stdlib.IOExtensions  - es.ua.dlsi.ooh.conceptualView.impl.OperationImpl@55536d9e (name: obtenerListaParticipantes, visibility: Public, operationType: CustomTransaction, description: null, type: Object, collectionType: List, isStatic: false, isOrdered: false, filter: null, precondition: null, body: null, postcondition: null, automaticSynchronize: true, customized: false, paging: false, customizedTransaction: false)
enc:utf-8
enc:utf-8
3400 [main] INFO  ipse.xtend.util.stdlib.IOExtensions  - es.ua.dlsi.ooh.conceptualView.impl.OperationImpl@696da30b (name: crearNotificacion, visibility: Public, operationType: New, description: null, type: Object, collectionType: None, isStatic: false, isOrdered: false, filter: null, precondition: null, body: null, postcondition: null, automaticSynchronize: false, customized: false, paging: false, customizedTransaction: true)
enc:utf-8
3433 [main] INFO  ipse.xtend.util.stdlib.IOExtensions  - es.ua.dlsi.ooh.conceptualView.impl.OperationImpl@41e1e210 (name: modificarNotificacion, visibility: Public, operationType: Modifier, description: null, type: Void, collectionType: None, isStatic: false, isOrdered: false, filter: null, precondition: null, body: null, postcondition: null, automaticSynchronize: true, customized: false, paging: false, customizedTransaction: false)
3433 [main] INFO  ipse.xtend.util.stdlib.IOExtensions  - es.ua.dlsi.ooh.conceptualView.impl.OperationImpl@732c2a62 (name: eliminarNotificacion, visibility: Public, operationType: Destroy, description: null, type: Void, collectionType: None, isStatic: false, isOrdered: false, filter: null, precondition: null, body: null, postcondition: null, automaticSynchronize: true, customized: false, paging: false, customizedTransaction: false)
3433 [main] INFO  ipse.xtend.util.stdlib.IOExtensions  - es.ua.dlsi.ooh.conceptualView.impl.OperationImpl@41fecb8b (name: dameNotificacionPorOID, visibility: Public, operationType: ReadOID, description: null, type: Object, collectionType: None, isStatic: false, isOrdered: false, filter: null, precondition: null, body: null, postcondition: null, automaticSynchronize: true, customized: false, paging: false, customizedTransaction: false)
3433 [main] INFO  ipse.xtend.util.stdlib.IOExtensions  - es.ua.dlsi.ooh.conceptualView.impl.OperationImpl@625732 (name: dameTodosNotificaciones, visibility: Public, operationType: ReadAll, description: null, type: Object, collectionType: List, isStatic: false, isOrdered: false, filter: null, precondition: null, body: null, postcondition: null, automaticSynchronize: true, customized: false, paging: false, customizedTransaction: false)
3433 [main] INFO  ipse.xtend.util.stdlib.IOExtensions  - es.ua.dlsi.ooh.conceptualView.impl.OperationImpl@51dcb805 (name: vincularNotificacionAutor, visibility: Public, operationType: Relationer, description: null, type: Void, collectionType: None, isStatic: false, isOrdered: false, filter: null, precondition: null, body: null, postcondition: null, automaticSynchronize: true, customized: false, paging: false, customizedTransaction: false)
3433 [main] INFO  ipse.xtend.util.stdlib.IOExtensions  - es.ua.dlsi.ooh.conceptualView.impl.OperationImpl@1e6454ec (name: desvincularNotificacionAutor, visibility: Public, operationType: Unrelationer, description: null, type: Void, collectionType: None, isStatic: false, isOrdered: false, filter: null, precondition: null, body: null, postcondition: null, automaticSynchronize: true, customized: false, paging: false, customizedTransaction: false)
3433 [main] INFO  ipse.xtend.util.stdlib.IOExtensions  - es.ua.dlsi.ooh.conceptualView.impl.OperationImpl@6631f5ca (name: vincularNotificacionLector, visibility: Public, operationType: Relationer, description: null, type: Void, collectionType: None, isStatic: false, isOrdered: false, filter: null, precondition: null, body: null, postcondition: null, automaticSynchronize: true, customized: false, paging: false, customizedTransaction: false)
3433 [main] INFO  ipse.xtend.util.stdlib.IOExtensions  - es.ua.dlsi.ooh.conceptualView.impl.OperationImpl@27ff5d15 (name: desvincularNotificacionLector, visibility: Public, operationType: Unrelationer, description: null, type: Void, collectionType: None, isStatic: false, isOrdered: false, filter: null, precondition: null, body: null, postcondition: null, automaticSynchronize: true, customized: false, paging: false, customizedTransaction: false)
enc:utf-8
3456 [main] INFO  ipse.xtend.util.stdlib.IOExtensions  - es.ua.dlsi.ooh.conceptualView.impl.OperationImpl@48974e45 (name: crearAutor, visibility: Public, operationType: New, description: null, type: Object, collectionType: None, isStatic: false, isOrdered: false, filter: null, precondition: null, body: null, postcondition: null, automaticSynchronize: true, customized: false, paging: false, customizedTransaction: false)
3456 [main] INFO  ipse.xtend.util.stdlib.IOExtensions  - es.ua.dlsi.ooh.conceptualView.impl.OperationImpl@29d89d5d (name: modificarAutor, visibility: Public, operationType: Modifier, description: null, type: Void, collectionType: None, isStatic: false, isOrdered: false, filter: null, precondition: null, body: null, postcondition: null, automaticSynchronize: true, customized: false, paging: false, customizedTransaction: false)
3456 [main] INFO  ipse.xtend.util.stdlib.IOExtensions  - es.ua.dlsi.ooh.conceptualView.impl.OperationImpl@3059cbc (name: eliminarAutor, visibility: Public, operationType: Destroy, description: null, type: Void, collectionType: None, isStatic: false, isOrdered: false, filter: null, precondition: null, body: null, postcondition: null, automaticSynchronize: true, customized: false, paging: false, customizedTransaction: true)
enc:utf-8
3476 [main] INFO  ipse.xtend.util.stdlib.IOExtensions  - es.ua.dlsi.ooh.conceptualView.impl.OperationImpl@24fcf36f (name: dameAutorPorOID, visibility: Public, operationType: ReadOID, description: null, type: Object, collectionType: None, isStatic: false, isOrdered: false, filter: null, precondition: null, body: null, postcondition: null, automaticSynchronize: true, customized: false, paging: false, customizedTransaction: false)
3476 [main] INFO  ipse.xtend.util.stdlib.IOExtensions  - es.ua.dlsi.ooh.conceptualView.impl.OperationImpl@3fb1549b (name: dameTodosAutores, visibility: Public, operationType: ReadAll, description: null, type: Object, collectionType: List, isStatic: false, isOrdered: false, filter: null, precondition: null, body: null, postcondition: null, automaticSynchronize: true, customized: false, paging: false, customizedTransaction: false)
3476 [main] INFO  ipse.xtend.util.stdlib.IOExtensions  - es.ua.dlsi.ooh.conceptualView.impl.OperationImpl@ea6147e (name: inscribirAutorAEvento, visibility: Public, operationType: Relationer, description: null, type: Void, collectionType: None, isStatic: false, isOrdered: false, filter: null, precondition: null, body: null, postcondition: null, automaticSynchronize: true, customized: false, paging: false, customizedTransaction: true)
enc:utf-8
3492 [main] INFO  ipse.xtend.util.stdlib.IOExtensions  - es.ua.dlsi.ooh.conceptualView.impl.OperationImpl@1e683a3e (name: desinscribirAutorDeEvento, visibility: Public, operationType: Unrelationer, description: null, type: Void, collectionType: None, isStatic: false, isOrdered: false, filter: null, precondition: null, body: null, postcondition: null, automaticSynchronize: true, customized: false, paging: false, customizedTransaction: true)
enc:utf-8
3504 [main] INFO  ipse.xtend.util.stdlib.IOExtensions  - es.ua.dlsi.ooh.conceptualView.impl.OperationImpl@14555e0a (name: dameAutorPorNombre, visibility: Public, operationType: ReadFilter, description: null, type: Object, collectionType: List, isStatic: false, isOrdered: false, filter: FROM AutorNH autor where concat('%', lower(autor.NombreUsuario), '%') like lower(:p_nombre), precondition: null, body: null, postcondition: null, automaticSynchronize: false, customized: false, paging: false, customizedTransaction: false)
3504 [main] INFO  ipse.xtend.util.stdlib.IOExtensions  - es.ua.dlsi.ooh.conceptualView.impl.OperationImpl@759d26fb (name: dameAutoresOrdenadosValoracion, visibility: Public, operationType: ReadFilter, description: null, type: Object, collectionType: List, isStatic: false, isOrdered: false, filter: FROM AutorNH autor order by autor.ValoracionMedia desc, precondition: null, body: null, postcondition: null, automaticSynchronize: false, customized: false, paging: false, customizedTransaction: false)
enc:utf-8
3520 [main] INFO  ipse.xtend.util.stdlib.IOExtensions  - es.ua.dlsi.ooh.conceptualView.impl.OperationImpl@483f6d77 (name: crearLector, visibility: Public, operationType: New, description: null, type: Object, collectionType: None, isStatic: false, isOrdered: false, filter: null, precondition: null, body: null, postcondition: null, automaticSynchronize: true, customized: false, paging: false, customizedTransaction: false)
3520 [main] INFO  ipse.xtend.util.stdlib.IOExtensions  - es.ua.dlsi.ooh.conceptualView.impl.OperationImpl@fa49800 (name: modificarLector, visibility: Public, operationType: Modifier, description: null, type: Void, collectionType: None, isStatic: false, isOrdered: false, filter: null, precondition: null, body: null, postcondition: null, automaticSynchronize: true, customized: false, paging: false, customizedTransaction: false)
3520 [main] INFO  ipse.xtend.util.stdlib.IOExtensions  - es.ua.dlsi.ooh.conceptualView.impl.OperationImpl@4d465b11 (name: eliminarLector, visibility: Public, operationType: Destroy, description: null, type: Void, collectionType: None, isStatic: false, isOrdered: false, filter: null, precondition: null, body: null, postcondition: null, automaticSynchronize: true, customized: false, paging: false, customizedTransaction: true)
enc:utf-8
3552 [main] INFO  ipse.xtend.util.stdlib.IOExtensions  - es.ua.dlsi.ooh.conceptualView.impl.OperationImpl@5562c41e (name: seguirAutor, visibility: Public, operationType: Relationer, description: null, type: Void, collectionType: None, isStatic: false, isOrdered: false, filter: null, precondition: null, body: null, postcondition: null, automaticSynchronize: true, customized: false, paging: false, customizedTransaction: true)
enc:utf-8
3576 [main] INFO  ipse.xtend.util.stdlib.IOExtensions  - es.ua.dlsi.ooh.conceptualView.impl.OperationImpl@7133da86 (name: dejarDeSeguirAutor, visibility: Public, operationType: Unrelationer, description: null, type: Void, collectionType: None, isStatic: false, isOrdered: false, filter: null, precondition: null, body: null, postcondition: null, automaticSynchronize: true, customized: false, paging: false, customizedTransaction: true)
enc:utf-8
3596 [main] INFO  ipse.xtend.util.stdlib.IOExtensions  - es.ua.dlsi.ooh.conceptualView.impl.OperationImpl@47faa49c (name: dameLectorPorOID, visibility: Public, operationType: ReadOID, description: null, type: Object, collectionType: None, isStatic: false, isOrdered: false, filter: null, precondition: null, body: null, postcondition: null, automaticSynchronize: true, customized: false, paging: false, customizedTransaction: false)
3596 [main] INFO  ipse.xtend.util.stdlib.IOExtensions  - es.ua.dlsi.ooh.conceptualView.impl.OperationImpl@f736069 (name: dameTodosLectores, visibility: Public, operationType: ReadAll, description: null, type: Object, collectionType: List, isStatic: false, isOrdered: false, filter: null, precondition: null, body: null, postcondition: null, automaticSynchronize: true, customized: false, paging: false, customizedTransaction: false)
3596 [main] INFO  ipse.xtend.util.stdlib.IOExtensions  - es.ua.dlsi.ooh.conceptualView.impl.OperationImpl@6da21078 (name: comprobarSiEstaEnLista, visibility: Public, operationType: Custom, description: null, type: Boolean, collectionType: None, isStatic: false, isOrdered: false, filter: null, precondition: null, body: null, postcondition: null, automaticSynchronize: true, customized: false, paging: false, customizedTransaction: false)
3596 [main] INFO  ipse.xtend.util.stdlib.IOExtensions  - es.ua.dlsi.ooh.conceptualView.impl.OperationImpl@56cdfb3b (name: asignarLibroListaGuardados, visibility: Public, operationType: Relationer, description: null, type: Void, collectionType: None, isStatic: false, isOrdered: false, filter: null, precondition: null, body: null, postcondition: null, automaticSynchronize: true, customized: false, paging: false, customizedTransaction: true)
enc:utf-8
3615 [main] INFO  ipse.xtend.util.stdlib.IOExtensions  - es.ua.dlsi.ooh.conceptualView.impl.OperationImpl@2fb3536e (name: desasignarLibroListaGuardados, visibility: Public, operationType: Unrelationer, description: null, type: Void, collectionType: None, isStatic: false, isOrdered: false, filter: null, precondition: null, body: null, postcondition: null, automaticSynchronize: true, customized: false, paging: false, customizedTransaction: true)
enc:utf-8
3630 [main] INFO  ipse.xtend.util.stdlib.IOExtensions  - es.ua.dlsi.ooh.conceptualView.impl.OperationImpl@7205765b (name: asignarLibroListaEnCurso, visibility: Public, operationType: Relationer, description: null, type: Void, collectionType: None, isStatic: false, isOrdered: false, filter: null, precondition: null, body: null, postcondition: null, automaticSynchronize: true, customized: false, paging: false, customizedTransaction: true)
enc:utf-8
3646 [main] INFO  ipse.xtend.util.stdlib.IOExtensions  - es.ua.dlsi.ooh.conceptualView.impl.OperationImpl@6283d8b8 (name: desasignarLibroListaEnCurso, visibility: Public, operationType: Unrelationer, description: null, type: Void, collectionType: None, isStatic: false, isOrdered: false, filter: null, precondition: null, body: null, postcondition: null, automaticSynchronize: true, customized: false, paging: false, customizedTransaction: true)
enc:utf-8
3677 [main] INFO  ipse.xtend.util.stdlib.IOExtensions  - es.ua.dlsi.ooh.conceptualView.impl.OperationImpl@611889f4 (name: inscribirLectorAEvento, visibility: Public, operationType: Relationer, description: null, type: Void, collectionType: None, isStatic: false, isOrdered: false, filter: null, precondition: null, body: null, postcondition: null, automaticSynchronize: true, customized: false, paging: false, customizedTransaction: true)
enc:utf-8
3692 [main] INFO  ipse.xtend.util.stdlib.IOExtensions  - es.ua.dlsi.ooh.conceptualView.impl.OperationImpl@2f217633 (name: desinscribirLectorDeEvento, visibility: Public, operationType: Unrelationer, description: null, type: Void, collectionType: None, isStatic: false, isOrdered: false, filter: null, precondition: null, body: null, postcondition: null, automaticSynchronize: true, customized: false, paging: false, customizedTransaction: true)
enc:utf-8
3715 [main] INFO  ipse.xtend.util.stdlib.IOExtensions  - es.ua.dlsi.ooh.conceptualView.impl.OperationImpl@5acf93bb (name: suscribirLectorAClub, visibility: Public, operationType: Relationer, description: null, type: Void, collectionType: None, isStatic: false, isOrdered: false, filter: null, precondition: null, body: null, postcondition: null, automaticSynchronize: true, customized: false, paging: false, customizedTransaction: true)
enc:utf-8
3724 [main] INFO  ipse.xtend.util.stdlib.IOExtensions  - es.ua.dlsi.ooh.conceptualView.impl.OperationImpl@614ca7df (name: desuscribirLectorDeClub, visibility: Public, operationType: Unrelationer, description: null, type: Void, collectionType: None, isStatic: false, isOrdered: false, filter: null, precondition: null, body: null, postcondition: null, automaticSynchronize: true, customized: false, paging: false, customizedTransaction: true)
enc:utf-8
enc:utf-8
enc:utf-8
enc:utf-8
3814 [main] INFO  ipse.xtend.util.stdlib.IOExtensions  - UsuarioEN
enc:utf-8
3843 [main] INFO  ipse.xtend.util.stdlib.IOExtensions  - LibroEN
enc:utf-8
3872 [main] INFO  ipse.xtend.util.stdlib.IOExtensions  - ReseñaEN
enc:utf-8
3895 [main] INFO  ipse.xtend.util.stdlib.IOExtensions  - ClubEN
enc:utf-8
3911 [main] INFO  ipse.xtend.util.stdlib.IOExtensions  - AdministradorEN
enc:utf-8
3943 [main] INFO  ipse.xtend.util.stdlib.IOExtensions  - NoticiaEN
enc:utf-8
3959 [main] INFO  ipse.xtend.util.stdlib.IOExtensions  - EventoEN
enc:utf-8
3995 [main] INFO  ipse.xtend.util.stdlib.IOExtensions  - NotificacionEN
enc:utf-8
4021 [main] INFO  ipse.xtend.util.stdlib.IOExtensions  - AutorEN
enc:utf-8
4052 [main] INFO  ipse.xtend.util.stdlib.IOExtensions  - LectorEN
enc:utf-8
enc:utf-8
enc:utf-8
enc:utf-8
enc:utf-8
enc:utf-8
enc:utf-8
enc:utf-8
enc:utf-8
enc:utf-8
enc:utf-8
enc:utf-8
enc:utf-8
enc:utf-8
enc:utf-8
4379 [main] INFO         org.eclipse.xpand2.Generator  - Written 73 files to outlet [default](../ReadRate_e4Gen)
4379 [main] INFO         org.eclipse.xpand2.Generator  - Skipped writing of 50 files to outlet [default](../ReadRate_e4Gen)
4379 [main] INFO         org.eclipse.xpand2.Generator  - Skipped writing of 2 files to outlet CONFIGURATION(../ReadRate_e4Gen)
4379 [main] INFO  e.core.container.CompositeComponent  - es.ua.dlsi.ooh.persistence.nhibernate.generator.workflowComponents.CreateSolution
Proyecto sln :ReadRate_e4Gen.slnpath: ../ReadRate_e4Genoverwrite: false
4399 [main] INFO  e.core.container.CompositeComponent  - es.ua.dlsi.ooh.persistence.nhibernate.generator.workflowComponents.UpdateSolution
4404 [main] INFO  eclipse.emf.mwe.core.WorkflowEngine  - workflow completed in 4092ms!
